// Jest Snapshot v1, https://goo.gl/fbAQLP

exports[`FeedList test cases----- renders correctly 1`] = `
<RCTScrollView
  data={
    Array [
      Object {
        "id": "1",
        "name": "Google",
      },
    ]
  }
  disableVirtualization={false}
  getItem={[Function]}
  getItemCount={[Function]}
  horizontal={false}
  initialNumToRender={10}
  keyExtractor={[Function]}
  maxToRenderPerBatch={10}
  onContentSizeChange={[Function]}
  onEndReachedThreshold={2}
  onLayout={[Function]}
  onMomentumScrollEnd={[Function]}
  onScroll={[Function]}
  onScrollBeginDrag={[Function]}
  onScrollEndDrag={[Function]}
  removeClippedSubviews={false}
  renderItem={[Function]}
  scrollEventThrottle={50}
  stickyHeaderIndices={Array []}
  updateCellsBatchingPeriod={50}
  viewabilityConfigCallbackPairs={Array []}
  windowSize={21}
>
  <View>
    <View
      onLayout={[Function]}
      style={null}
    >
      <View
        accessible={true}
        focusable={true}
        onClick={[Function]}
        onResponderGrant={[Function]}
        onResponderMove={[Function]}
        onResponderRelease={[Function]}
        onResponderTerminate={[Function]}
        onResponderTerminationRequest={[Function]}
        onStartShouldSetResponder={[Function]}
        style={
          Object {
            "backgroundColor": "#FFFFFF",
            "borderRadius": 10,
            "elevation": 4,
            "margin": 10,
            "opacity": 1,
            "padding": 20,
            "shadowColor": "#000000",
            "shadowOffset": Object {
              "height": 2,
              "width": 0,
            },
            "shadowOpacity": 1,
            "shadowRadius": 2,
          }
        }
      >
        <Text
          style={
            Object {
              "color": "#0645AD",
              "fontSize": 16,
              "textDecorationLine": "underline",
            }
          }
        >
          Google
        </Text>
      </View>
    </View>
  </View>
</RCTScrollView>
`;
